\BOOKMARK [0][-]{chapter.1}{\376\377\000I\000n\000t\000r\000o\000d\000u\000c\000t\000i\000o\000n}{}% 1
\BOOKMARK [1][-]{section.1.1}{\376\377\000M\000o\000t\000i\000v\000a\000t\000i\000o\000n}{chapter.1}% 2
\BOOKMARK [1][-]{section.1.2}{\376\377\000P\000r\000o\000b\000l\000e\000m\000\040\000F\000o\000r\000m\000u\000l\000a\000t\000i\000o\000n}{chapter.1}% 3
\BOOKMARK [1][-]{section.1.3}{\376\377\000S\000t\000r\000u\000c\000t\000u\000r\000e\000\040\000o\000f\000\040\000t\000h\000e\000\040\000T\000h\000e\000s\000i\000s}{chapter.1}% 4
\BOOKMARK [1][-]{section.1.4}{\376\377\000R\000e\000l\000a\000t\000e\000d\000\040\000W\000o\000r\000k}{chapter.1}% 5
\BOOKMARK [2][-]{subsection.1.4.1}{\376\377\000Q\000u\000a\000l\000i\000t\000y\000\040\000A\000s\000s\000e\000s\000s\000m\000e\000n\000t\000\040\000F\000r\000a\000m\000e\000w\000o\000r\000k\000s\000\040\000i\000n\000\040\000J\000o\000u\000r\000n\000a\000l\000i\000s\000m}{section.1.4}% 6
\BOOKMARK [2][-]{subsection.1.4.2}{\376\377\000C\000o\000m\000p\000u\000t\000a\000t\000i\000o\000n\000a\000l\000\040\000A\000p\000p\000r\000o\000a\000c\000h\000e\000s\000\040\000t\000o\000\040\000T\000e\000x\000t\000\040\000Q\000u\000a\000l\000i\000t\000y\000\040\000A\000s\000s\000e\000s\000s\000m\000e\000n\000t}{section.1.4}% 7
\BOOKMARK [2][-]{subsection.1.4.3}{\376\377\000M\000a\000c\000h\000i\000n\000e\000\040\000L\000e\000a\000r\000n\000i\000n\000g\000\040\000f\000o\000r\000\040\000C\000l\000a\000s\000s\000i\000f\000i\000c\000a\000t\000i\000o\000n\000\040\000o\000f\000\040\000M\000e\000d\000i\000a\000\040\000C\000o\000n\000t\000e\000n\000t}{section.1.4}% 8
\BOOKMARK [2][-]{subsection.1.4.4}{\376\377\000M\000u\000l\000t\000i\000-\000c\000l\000a\000s\000s\000\040\000C\000l\000a\000s\000s\000i\000f\000i\000c\000a\000t\000i\000o\000n\000\040\000i\000n\000\040\000N\000a\000t\000u\000r\000a\000l\000\040\000L\000a\000n\000g\000u\000a\000g\000e\000\040\000P\000r\000o\000c\000e\000s\000s\000i\000n\000g}{section.1.4}% 9
\BOOKMARK [2][-]{subsection.1.4.5}{\376\377\000R\000e\000s\000e\000a\000r\000c\000h\000\040\000G\000a\000p\000s}{section.1.4}% 10
\BOOKMARK [1][-]{section.1.5}{\376\377\000C\000o\000n\000t\000r\000i\000b\000u\000t\000i\000o\000n\000s}{chapter.1}% 11
\BOOKMARK [0][-]{chapter.2}{\376\377\000D\000a\000t\000a\000\040\000C\000o\000l\000l\000e\000c\000t\000i\000o\000n\000\040\000a\000n\000d\000\040\000A\000n\000a\000l\000y\000s\000i\000s}{}% 12
\BOOKMARK [1][-]{section.2.1}{\376\377\000D\000a\000t\000a\000\040\000S\000o\000u\000r\000c\000e}{chapter.2}% 13
\BOOKMARK [1][-]{section.2.2}{\376\377\000D\000a\000t\000a\000\040\000C\000l\000e\000a\000n\000i\000n\000g\000\040\000a\000n\000d\000\040\000F\000i\000l\000t\000e\000r\000i\000n\000g}{chapter.2}% 14
\BOOKMARK [1][-]{section.2.3}{\376\377\000A\000n\000n\000o\000t\000a\000t\000i\000o\000n\000\040\000P\000r\000o\000c\000e\000s\000s}{chapter.2}% 15
\BOOKMARK [1][-]{section.2.4}{\376\377\000D\000a\000t\000a\000s\000e\000t\000\040\000S\000t\000a\000t\000i\000s\000t\000i\000c\000s}{chapter.2}% 16
\BOOKMARK [2][-]{subsection.2.4.1}{\376\377\000D\000a\000t\000a\000s\000e\000t\000\040\000S\000i\000z\000e\000\040\000a\000n\000d\000\040\000S\000p\000l\000i\000t\000s}{section.2.4}% 17
\BOOKMARK [1][-]{section.2.5}{\376\377\000D\000a\000t\000a\000\040\000A\000n\000a\000l\000y\000s\000i\000s}{chapter.2}% 18
\BOOKMARK [2][-]{subsection.2.5.1}{\376\377\000A\000r\000t\000i\000c\000l\000e\000\040\000l\000e\000n\000g\000t\000h}{section.2.5}% 19
\BOOKMARK [2][-]{subsection.2.5.2}{\376\377\000L\000e\000n\000g\000t\000h\000\040\000b\000y\000\040\000l\000a\000b\000e\000l}{section.2.5}% 20
\BOOKMARK [2][-]{subsection.2.5.3}{\376\377\000U\000n\000i\000q\000u\000e\000-\000t\000o\000k\000e\000n\000\040\000p\000r\000o\000b\000a\000b\000i\000l\000i\000t\000y\000\040\000d\000e\000n\000s\000i\000t\000y}{section.2.5}% 21
\BOOKMARK [1][-]{section.2.6}{\376\377\000D\000a\000t\000a\000s\000e\000t\000\040\000B\000a\000l\000a\000n\000c\000i\000n\000g\000\040\000S\000t\000r\000a\000t\000e\000g\000i\000e\000s}{chapter.2}% 22
\BOOKMARK [2][-]{subsection.2.6.1}{\376\377\000O\000v\000e\000r\000s\000a\000m\000p\000l\000i\000n\000g}{section.2.6}% 23
\BOOKMARK [2][-]{subsection.2.6.2}{\376\377\000S\000y\000n\000t\000h\000e\000t\000i\000c\000\040\000D\000a\000t\000a\000\040\000G\000e\000n\000e\000r\000a\000t\000i\000o\000n}{section.2.6}% 24
\BOOKMARK [0][-]{chapter.3}{\376\377\000E\000v\000a\000l\000u\000a\000t\000i\000o\000n\000\040\000M\000e\000t\000r\000i\000c\000s}{}% 25
\BOOKMARK [1][-]{section.3.1}{\376\377\000L\000i\000m\000i\000t\000a\000t\000i\000o\000n\000s\000\040\000o\000f\000\040\000A\000c\000c\000u\000r\000a\000c\000y}{chapter.3}% 26
\BOOKMARK [1][-]{section.3.2}{\376\377\000P\000r\000e\000c\000i\000s\000i\000o\000n}{chapter.3}% 27
\BOOKMARK [1][-]{section.3.3}{\376\377\000R\000e\000c\000a\000l\000l}{chapter.3}% 28
\BOOKMARK [1][-]{section.3.4}{\376\377\000F\0001\000\040\000S\000c\000o\000r\000e}{chapter.3}% 29
\BOOKMARK [1][-]{section.3.5}{\376\377\000W\000e\000i\000g\000h\000t\000e\000d\000\040\000F\0001\000\040\000S\000c\000o\000r\000e}{chapter.3}% 30
\BOOKMARK [2][-]{subsection.3.5.1}{\376\377\000W\000h\000y\000\040\000u\000s\000e\000\040\000w\000e\000i\000g\000h\000t\000e\000d\000\040\000F\0001\000?}{section.3.5}% 31
\BOOKMARK [1][-]{section.3.6}{\376\377\000C\000o\000n\000f\000u\000s\000i\000o\000n\000\040\000M\000a\000t\000r\000i\000x}{chapter.3}% 32
\BOOKMARK [1][-]{section.3.7}{\376\377\000B\000u\000s\000i\000n\000e\000s\000s\000\040\000R\000e\000l\000e\000v\000a\000n\000c\000e}{chapter.3}% 33
\BOOKMARK [2][-]{subsection.3.7.1}{\376\377\000C\000o\000s\000t\000\040\000o\000f\000\040\000C\000l\000a\000s\000s\000i\000f\000i\000c\000a\000t\000i\000o\000n\000\040\000E\000r\000r\000o\000r\000s}{section.3.7}% 34
\BOOKMARK [0][-]{chapter.4}{\376\377\000M\000e\000t\000h\000o\000d\000o\000l\000o\000g\000y}{}% 35
\BOOKMARK [1][-]{section.4.1}{\376\377\000E\000d\000i\000t\000o\000r\000\040\000A\000n\000a\000l\000y\000s\000i\000s\000\040\000a\000n\000d\000\040\000U\000p\000p\000e\000r\000\040\000B\000o\000u\000n\000d}{chapter.4}% 36
\BOOKMARK [2][-]{subsection.4.1.1}{\376\377\000W\000h\000y\000\040\000H\000u\000m\000a\000n\000\040\000E\000d\000i\000t\000o\000r\000s\000\040\000A\000r\000e\000\040\000I\000m\000p\000o\000r\000t\000a\000n\000t}{section.4.1}% 37
\BOOKMARK [2][-]{subsection.4.1.2}{\376\377\000H\000o\000w\000\040\000W\000e\000\040\000S\000t\000u\000d\000i\000e\000d\000\040\000E\000d\000i\000t\000o\000r\000\040\000A\000g\000r\000e\000e\000m\000e\000n\000t}{section.4.1}% 38
\BOOKMARK [2][-]{subsection.4.1.3}{\376\377\000W\000h\000a\000t\000\040\000W\000e\000\040\000L\000e\000a\000r\000n\000e\000d\000\040\000A\000b\000o\000u\000t\000\040\000E\000d\000i\000t\000o\000r\000\040\000A\000g\000r\000e\000e\000m\000e\000n\000t}{section.4.1}% 39
\BOOKMARK [2][-]{subsection.4.1.4}{\376\377\000S\000e\000t\000t\000i\000n\000g\000\040\000t\000h\000e\000\040\000U\000p\000p\000e\000r\000\040\000B\000o\000u\000n\000d}{section.4.1}% 40
\BOOKMARK [1][-]{section.4.2}{\376\377\000B\000a\000s\000e\000l\000i\000n\000e\000\040\000M\000o\000d\000e\000l\000\040\000P\000e\000r\000f\000o\000r\000m\000a\000n\000c\000e}{chapter.4}% 41
\BOOKMARK [2][-]{subsection.4.2.1}{\376\377\000R\000a\000n\000d\000o\000m\000\040\000C\000l\000a\000s\000s\000i\000f\000i\000e\000r}{section.4.2}% 42
\BOOKMARK [2][-]{subsection.4.2.2}{\376\377\000M\000o\000s\000t\000\040\000F\000r\000e\000q\000u\000e\000n\000t\000\040\000C\000l\000a\000s\000s\000\040\000C\000l\000a\000s\000s\000i\000f\000i\000e\000r}{section.4.2}% 43
\BOOKMARK [2][-]{subsection.4.2.3}{\376\377\000D\000i\000s\000c\000u\000s\000s\000i\000o\000n}{section.4.2}% 44
\BOOKMARK [1][-]{section.4.3}{\376\377\000F\000e\000a\000t\000u\000r\000e\000\040\000E\000n\000g\000i\000n\000e\000e\000r\000i\000n\000g}{chapter.4}% 45
\BOOKMARK [2][-]{subsection.4.3.1}{\376\377\000L\000i\000n\000g\000u\000i\000s\000t\000i\000c\000\040\000C\000o\000m\000p\000l\000e\000x\000i\000t\000y\000\040\000F\000e\000a\000t\000u\000r\000e\000s\000\040\000\050\000A\000t\000t\000r\000a\000c\000t\000i\000v\000e\000n\000e\000s\000s\000\051}{section.4.3}% 46
\BOOKMARK [2][-]{subsection.4.3.2}{\376\377\000S\000t\000r\000u\000c\000t\000u\000r\000a\000l\000\040\000C\000o\000m\000p\000o\000s\000i\000t\000i\000o\000n\000\040\000F\000e\000a\000t\000u\000r\000e\000s\000\040\000\050\000T\000r\000a\000n\000s\000p\000a\000r\000e\000n\000c\000y\000\051}{section.4.3}% 47
\BOOKMARK [2][-]{subsection.4.3.3}{\376\377\000R\000e\000a\000d\000a\000b\000i\000l\000i\000t\000y\000\040\000M\000e\000t\000r\000i\000c\000s}{section.4.3}% 48
\BOOKMARK [2][-]{subsection.4.3.4}{\376\377\000M\000e\000t\000a\000d\000a\000t\000a\000\040\000F\000e\000a\000t\000u\000r\000e\000s\000\040\000\050\000D\000i\000v\000e\000r\000s\000i\000t\000y\000\051}{section.4.3}% 49
\BOOKMARK [1][-]{section.4.4}{\376\377\000P\000e\000r\000f\000o\000r\000m\000a\000n\000c\000e\000\040\000o\000f\000\040\000P\000r\000e\000-\000t\000r\000a\000i\000n\000e\000d\000\040\000L\000a\000n\000g\000u\000a\000g\000e\000\040\000M\000o\000d\000e\000l\000s}{chapter.4}% 50
\BOOKMARK [2][-]{subsection.4.4.1}{\376\377\000T\000h\000e\000o\000r\000e\000t\000i\000c\000a\000l\000\040\000F\000o\000u\000n\000d\000a\000t\000i\000o\000n\000s}{section.4.4}% 51
\BOOKMARK [2][-]{subsection.4.4.2}{\376\377\000E\000v\000a\000l\000u\000a\000t\000i\000o\000n\000\040\000o\000f\000\040\000M\000u\000l\000t\000i\000p\000l\000e\000\040\000P\000r\000e\000-\000t\000r\000a\000i\000n\000e\000d\000\040\000M\000o\000d\000e\000l\000s}{section.4.4}% 52
\BOOKMARK [2][-]{subsection.4.4.3}{\376\377\000M\000o\000d\000e\000l\000\040\000S\000e\000l\000e\000c\000t\000i\000o\000n}{section.4.4}% 53
\BOOKMARK [1][-]{section.4.5}{\376\377\000C\000l\000a\000s\000s\000i\000f\000i\000e\000r\000\040\000A\000r\000c\000h\000i\000t\000e\000c\000t\000u\000r\000e\000\040\000D\000e\000s\000i\000g\000n}{chapter.4}% 54
\BOOKMARK [1][-]{section.4.6}{\376\377\000L\000o\000s\000s\000\040\000F\000u\000n\000c\000t\000i\000o\000n\000\040\000E\000n\000g\000i\000n\000e\000e\000r\000i\000n\000g}{chapter.4}% 55
\BOOKMARK [2][-]{subsection.4.6.1}{\376\377\000I\000n\000i\000t\000i\000a\000l\000\040\000A\000p\000p\000r\000o\000a\000c\000h\000:\000\040\000C\000r\000o\000s\000s\000-\000E\000n\000t\000r\000o\000p\000y\000\040\000L\000o\000s\000s}{section.4.6}% 56
\BOOKMARK [2][-]{subsection.4.6.2}{\376\377\000A\000d\000d\000r\000e\000s\000s\000i\000n\000g\000\040\000C\000l\000a\000s\000s\000\040\000I\000m\000b\000a\000l\000a\000n\000c\000e\000:\000\040\000F\000o\000c\000a\000l\000\040\000L\000o\000s\000s\000\040\000v\000s\000.\000\040\000C\000l\000a\000s\000s\000\040\000W\000e\000i\000g\000h\000t\000i\000n\000g}{section.4.6}% 57
\BOOKMARK [2][-]{subsection.4.6.3}{\376\377\000I\000n\000c\000o\000r\000p\000o\000r\000a\000t\000i\000n\000g\000\040\000a\000n\000\040\000O\000r\000d\000i\000n\000a\000l\000\040\000C\000o\000m\000p\000o\000n\000e\000n\000t\000:\000\040\000C\000E\000\040\000+\000\040\000M\000S\000E}{section.4.6}% 58
\BOOKMARK [1][-]{section.4.7}{\376\377\000T\000o\000k\000e\000n\000i\000z\000a\000t\000i\000o\000n\000\040\000a\000n\000d\000\040\000S\000e\000q\000u\000e\000n\000c\000e\000\040\000H\000a\000n\000d\000l\000i\000n\000g}{chapter.4}% 59
\BOOKMARK [1][-]{section.4.8}{\376\377\000T\000r\000a\000i\000n\000i\000n\000g\000\040\000M\000e\000t\000h\000o\000d\000o\000l\000o\000g\000y}{chapter.4}% 60
\BOOKMARK [2][-]{subsection.4.8.1}{\376\377\000T\000w\000o\000-\000S\000t\000a\000g\000e\000\040\000F\000i\000n\000e\000-\000T\000u\000n\000i\000n\000g\000\040\000S\000t\000r\000a\000t\000e\000g\000y}{section.4.8}% 61
\BOOKMARK [2][-]{subsection.4.8.2}{\376\377\000L\000e\000a\000r\000n\000i\000n\000g\000\040\000R\000a\000t\000e\000\040\000W\000a\000r\000m\000u\000p\000\040\000a\000n\000d\000\040\000S\000c\000h\000e\000d\000u\000l\000i\000n\000g}{section.4.8}% 62
\BOOKMARK [2][-]{subsection.4.8.3}{\376\377\000R\000e\000g\000u\000l\000a\000r\000i\000z\000a\000t\000i\000o\000n\000\040\000a\000n\000d\000\040\000H\000y\000p\000e\000r\000p\000a\000r\000a\000m\000e\000t\000e\000r\000s}{section.4.8}% 63
\BOOKMARK [1][-]{section.4.9}{\376\377\000M\000o\000d\000e\000l\000\040\000E\000v\000a\000l\000u\000a\000t\000i\000o\000n}{chapter.4}% 64
\BOOKMARK [1][-]{section.4.10}{\376\377\000C\000a\000t\000B\000o\000o\000s\000t}{chapter.4}% 65
\BOOKMARK [2][-]{subsection.4.10.1}{\376\377\000M\000o\000t\000i\000v\000a\000t\000i\000o\000n\000\040\000a\000n\000d\000\040\000S\000u\000i\000t\000a\000b\000i\000l\000i\000t\000y}{section.4.10}% 66
\BOOKMARK [2][-]{subsection.4.10.2}{\376\377\000A\000r\000c\000h\000i\000t\000e\000c\000t\000u\000r\000e\000\040\000a\000n\000d\000\040\000F\000e\000a\000t\000u\000r\000e\000\040\000P\000r\000o\000c\000e\000s\000s\000i\000n\000g}{section.4.10}% 67
\BOOKMARK [2][-]{subsection.4.10.3}{\376\377\000H\000y\000p\000e\000r\000p\000a\000r\000a\000m\000e\000t\000e\000r\000\040\000T\000u\000n\000i\000n\000g}{section.4.10}% 68
\BOOKMARK [2][-]{subsection.4.10.4}{\376\377\000F\000e\000a\000t\000u\000r\000e\000-\000G\000r\000o\000u\000p\000\040\000I\000m\000p\000o\000r\000t\000a\000n\000c\000e}{section.4.10}% 69
\BOOKMARK [2][-]{subsection.4.10.5}{\376\377\000P\000e\000r\000f\000o\000r\000m\000a\000n\000c\000e\000\040\000a\000n\000d\000\040\000P\000r\000a\000c\000t\000i\000c\000a\000l\000\040\000C\000o\000n\000s\000i\000d\000e\000r\000a\000t\000i\000o\000n\000s}{section.4.10}% 70
\BOOKMARK [1][-]{section.4.11}{\376\377\000H\000y\000b\000r\000i\000d\000\040\000M\000o\000d\000e\000l\000:\000\040\000C\000a\000t\000B\000o\000o\000s\000t\000\040\000w\000i\000t\000h\000\040\000L\000a\000n\000g\000u\000a\000g\000e\000\040\000M\000o\000d\000e\000l\000\040\000F\000e\000a\000t\000u\000r\000e\000s}{chapter.4}% 71
\BOOKMARK [0][-]{chapter.5}{\376\377\000E\000x\000p\000e\000r\000i\000m\000e\000n\000t\000s\000\040\000a\000n\000d\000\040\000R\000e\000s\000u\000l\000t\000s}{}% 72
\BOOKMARK [1][-]{section.5.1}{\376\377\000E\000x\000p\000e\000r\000i\000m\000e\000n\000t\000a\000l\000\040\000S\000e\000t\000u\000p}{chapter.5}% 73
\BOOKMARK [1][-]{section.5.2}{\376\377\000N\000e\000u\000r\000a\000l\000\040\000M\000o\000d\000e\000l\000\040\000R\000e\000s\000u\000l\000t\000s}{chapter.5}% 74
\BOOKMARK [1][-]{section.5.3}{\376\377\000C\000a\000t\000B\000o\000o\000s\000t\000\040\000M\000o\000d\000e\000l}{chapter.5}% 75
\BOOKMARK [1][-]{section.5.4}{\376\377\000H\000y\000b\000r\000i\000d\000\040\000M\000o\000d\000e\000l\000\040\000R\000e\000s\000u\000l\000t\000s}{chapter.5}% 76
\BOOKMARK [1][-]{section.5.5}{\376\377\000S\000u\000m\000m\000a\000r\000y\000\040\000o\000f\000\040\000R\000e\000s\000u\000l\000t\000s}{chapter.5}% 77
\BOOKMARK [0][-]{chapter.6}{\376\377\000D\000i\000s\000c\000u\000s\000s\000i\000o\000n\000\040\000a\000n\000d\000\040\000F\000u\000t\000u\000r\000e\000\040\000W\000o\000r\000k}{}% 78
\BOOKMARK [1][-]{section.6.1}{\376\377\000D\000i\000s\000c\000u\000s\000s\000i\000o\000n}{chapter.6}% 79
\BOOKMARK [1][-]{section.6.2}{\376\377\000F\000u\000t\000u\000r\000e\000\040\000W\000o\000r\000k}{chapter.6}% 80
\BOOKMARK [0][-]{chapter.7}{\376\377\000C\000o\000n\000c\000l\000u\000s\000i\000o\000n}{}% 81
\BOOKMARK [0][-]{chapter.8}{\376\377\000R\000e\000f\000e\000r\000e\000n\000c\000e\000s}{}% 82
